// Jest Snapshot v1, https://goo.gl/fbAQLP

exports[`component is rendered correctly renders the component 1`] = `
<div>
  <div
    class="SearchWrapper"
  >
    <input
      class="input"
      placeholder="What are you looking for?"
      type="text"
      value=""
    />
  </div>
</div>
`;
